{
  "version": "1.5.0",
  "plugins_used": [
    {
      "name": "ArtifactoryDetector"
    },
    {
      "name": "AWSKeyDetector"
    },
    {
      "name": "AzureStorageKeyDetector"
    },
    {
      "name": "Base64HighEntropyString",
      "limit": 4.5
    },
    {
      "name": "BasicAuthDetector"
    },
    {
      "name": "CloudantDetector"
    },
    {
      "name": "DiscordBotTokenDetector"
    },
    {
      "name": "GitHubTokenDetector"
    },
    {
      "name": "GitLabTokenDetector"
    },
    {
      "name": "HexHighEntropyString",
      "limit": 3.0
    },
    {
      "name": "IbmCloudIamDetector"
    },
    {
      "name": "IbmCosHmacDetector"
    },
    {
      "name": "IPPublicDetector"
    },
    {
      "name": "JwtTokenDetector"
    },
    {
      "name": "KeywordDetector",
      "keyword_exclude": ""
    },
    {
      "name": "MailchimpDetector"
    },
    {
      "name": "NpmDetector"
    },
    {
      "name": "OpenAIDetector"
    },
    {
      "name": "PrivateKeyDetector"
    },
    {
      "name": "PypiTokenDetector"
    },
    {
      "name": "SendGridDetector"
    },
    {
      "name": "SlackDetector"
    },
    {
      "name": "SoftlayerDetector"
    },
    {
      "name": "SquareOAuthDetector"
    },
    {
      "name": "StripeDetector"
    },
    {
      "name": "TelegramBotTokenDetector"
    },
    {
      "name": "TwilioKeyDetector"
    }
  ],
  "filters_used": [
    {
      "path": "detect_secrets.filters.allowlist.is_line_allowlisted"
    },
    {
      "path": "detect_secrets.filters.common.is_baseline_file",
      "filename": ".secrets.baseline"
    },
    {
      "path": "detect_secrets.filters.common.is_ignored_due_to_verification_policies",
      "min_level": 2
    },
    {
      "path": "detect_secrets.filters.heuristic.is_indirect_reference"
    },
    {
      "path": "detect_secrets.filters.heuristic.is_likely_id_string"
    },
    {
      "path": "detect_secrets.filters.heuristic.is_lock_file"
    },
    {
      "path": "detect_secrets.filters.heuristic.is_not_alphanumeric_string"
    },
    {
      "path": "detect_secrets.filters.heuristic.is_potential_uuid"
    },
    {
      "path": "detect_secrets.filters.heuristic.is_prefixed_with_dollar_sign"
    },
    {
      "path": "detect_secrets.filters.heuristic.is_sequential_string"
    },
    {
      "path": "detect_secrets.filters.heuristic.is_swagger_file"
    },
    {
      "path": "detect_secrets.filters.heuristic.is_templated_secret"
    }
  ],
  "results": {
    "rookieui\\contracts\\host_source_basis.py": [
      {
        "type": "Hex High Entropy String",
        "filename": "rookieui\\contracts\\host_source_basis.py",
        "hashed_secret": "ad9ad264152e765c756c4b72eedd432c44aad1d7",
        "is_verified": false,
        "line_number": 65
      },
      {
        "type": "Hex High Entropy String",
        "filename": "rookieui\\contracts\\host_source_basis.py",
        "hashed_secret": "c4c0e191f5eb0524fa020fd33915f3a2a871d319",
        "is_verified": false,
        "line_number": 71
      },
      {
        "type": "Hex High Entropy String",
        "filename": "rookieui\\contracts\\host_source_basis.py",
        "hashed_secret": "538632a331bffcd15592047820c7475c91837537",
        "is_verified": false,
        "line_number": 75
      },
      {
        "type": "Hex High Entropy String",
        "filename": "rookieui\\contracts\\host_source_basis.py",
        "hashed_secret": "ce72a3384e984997353ced8756904208522eea57",
        "is_verified": false,
        "line_number": 87
      },
      {
        "type": "Hex High Entropy String",
        "filename": "rookieui\\contracts\\host_source_basis.py",
        "hashed_secret": "50ded504f44f0a69b94ee0183c7c8ccf9ae6aa8b",
        "is_verified": false,
        "line_number": 92
      },
      {
        "type": "Hex High Entropy String",
        "filename": "rookieui\\contracts\\host_source_basis.py",
        "hashed_secret": "017d1c96f99f576fc743f956785d2d86c369f9bd",
        "is_verified": false,
        "line_number": 102
      },
      {
        "type": "Hex High Entropy String",
        "filename": "rookieui\\contracts\\host_source_basis.py",
        "hashed_secret": "f180fae43f692b23ef7ea477ab39fd4ba9c27941",
        "is_verified": false,
        "line_number": 108
      },
      {
        "type": "Hex High Entropy String",
        "filename": "rookieui\\contracts\\host_source_basis.py",
        "hashed_secret": "3d4282d91a492374b580eeab29b0cbac3be47e21",
        "is_verified": false,
        "line_number": 114
      },
      {
        "type": "Hex High Entropy String",
        "filename": "rookieui\\contracts\\host_source_basis.py",
        "hashed_secret": "1fe44f7a5de2118f2f681e7b5ec95a991d94c8c2",
        "is_verified": false,
        "line_number": 120
      },
      {
        "type": "Hex High Entropy String",
        "filename": "rookieui\\contracts\\host_source_basis.py",
        "hashed_secret": "d578e610b18eade4530d5e39cb29d0ddbc0d1380",
        "is_verified": false,
        "line_number": 126
      },
      {
        "type": "Hex High Entropy String",
        "filename": "rookieui\\contracts\\host_source_basis.py",
        "hashed_secret": "cceeb17cc8b207b4160d995bccd1d9fadb491582",
        "is_verified": false,
        "line_number": 132
      }
    ],
    "tests\\fixtures\\comfyui_0_11_6_node_contract.json": [
      {
        "type": "Hex High Entropy String",
        "filename": "tests\\fixtures\\comfyui_0_11_6_node_contract.json",
        "hashed_secret": "ad9ad264152e765c756c4b72eedd432c44aad1d7",
        "is_verified": false,
        "line_number": 884
      }
    ],
    "tests\\fixtures\\comfyui_0_11_6_profile_sources.json": [
      {
        "type": "Hex High Entropy String",
        "filename": "tests\\fixtures\\comfyui_0_11_6_profile_sources.json",
        "hashed_secret": "ad9ad264152e765c756c4b72eedd432c44aad1d7",
        "is_verified": false,
        "line_number": 2
      },
      {
        "type": "Hex High Entropy String",
        "filename": "tests\\fixtures\\comfyui_0_11_6_profile_sources.json",
        "hashed_secret": "2fb6c5968b90533c43f2ff42a5edf51821e42739",
        "is_verified": false,
        "line_number": 6
      },
      {
        "type": "Hex High Entropy String",
        "filename": "tests\\fixtures\\comfyui_0_11_6_profile_sources.json",
        "hashed_secret": "aed7576ed639adfbb48a99ca2c63ec8caeedb910",
        "is_verified": false,
        "line_number": 11
      },
      {
        "type": "Hex High Entropy String",
        "filename": "tests\\fixtures\\comfyui_0_11_6_profile_sources.json",
        "hashed_secret": "0fa7a043fd9983215d04c87dcc80638ae65e772b",
        "is_verified": false,
        "line_number": 16
      },
      {
        "type": "Hex High Entropy String",
        "filename": "tests\\fixtures\\comfyui_0_11_6_profile_sources.json",
        "hashed_secret": "8d20c296153293d62d1f59e9e299293f095680d0",
        "is_verified": false,
        "line_number": 21
      },
      {
        "type": "Hex High Entropy String",
        "filename": "tests\\fixtures\\comfyui_0_11_6_profile_sources.json",
        "hashed_secret": "757d727ee7f1859367af9c48d3ae3e0a07bad469",
        "is_verified": false,
        "line_number": 26
      },
      {
        "type": "Hex High Entropy String",
        "filename": "tests\\fixtures\\comfyui_0_11_6_profile_sources.json",
        "hashed_secret": "fe73804d30e6191a7bc8b1e686fbd62977b38603",
        "is_verified": false,
        "line_number": 36
      },
      {
        "type": "Hex High Entropy String",
        "filename": "tests\\fixtures\\comfyui_0_11_6_profile_sources.json",
        "hashed_secret": "adfc8e078c726e74c6639077854d3401d1ed2fa9",
        "is_verified": false,
        "line_number": 41
      },
      {
        "type": "Hex High Entropy String",
        "filename": "tests\\fixtures\\comfyui_0_11_6_profile_sources.json",
        "hashed_secret": "3ba73c082e2ef8b2426cab6f7ca2f97d1ded4017",
        "is_verified": false,
        "line_number": 46
      },
      {
        "type": "Hex High Entropy String",
        "filename": "tests\\fixtures\\comfyui_0_11_6_profile_sources.json",
        "hashed_secret": "22d3f504dc3b6f0efa6df2df87b416d7778f37b9",
        "is_verified": false,
        "line_number": 51
      },
      {
        "type": "Hex High Entropy String",
        "filename": "tests\\fixtures\\comfyui_0_11_6_profile_sources.json",
        "hashed_secret": "0236779cac9ad28f2994f08e2fcb2c7de658d501",
        "is_verified": false,
        "line_number": 56
      },
      {
        "type": "Hex High Entropy String",
        "filename": "tests\\fixtures\\comfyui_0_11_6_profile_sources.json",
        "hashed_secret": "16cc06e4502e4973a92aa9768db08cb7de759f8a",
        "is_verified": false,
        "line_number": 61
      },
      {
        "type": "Hex High Entropy String",
        "filename": "tests\\fixtures\\comfyui_0_11_6_profile_sources.json",
        "hashed_secret": "656f90416b5cd7a8e7fade4fb7519a34dbc48221",
        "is_verified": false,
        "line_number": 66
      },
      {
        "type": "Hex High Entropy String",
        "filename": "tests\\fixtures\\comfyui_0_11_6_profile_sources.json",
        "hashed_secret": "a64ee7888e3005627721e533063c497fc98c04c4",
        "is_verified": false,
        "line_number": 71
      },
      {
        "type": "Hex High Entropy String",
        "filename": "tests\\fixtures\\comfyui_0_11_6_profile_sources.json",
        "hashed_secret": "a3c3d8194cef5ca4eba2782758129c95f09bcf1a",
        "is_verified": false,
        "line_number": 76
      },
      {
        "type": "Hex High Entropy String",
        "filename": "tests\\fixtures\\comfyui_0_11_6_profile_sources.json",
        "hashed_secret": "3c2fcdbb83a939020a4187e94a6082ec6b43ab8f",
        "is_verified": false,
        "line_number": 81
      },
      {
        "type": "Hex High Entropy String",
        "filename": "tests\\fixtures\\comfyui_0_11_6_profile_sources.json",
        "hashed_secret": "da3b9e4a23364240969de1695ba59db2cb4376fd",
        "is_verified": false,
        "line_number": 86
      },
      {
        "type": "Hex High Entropy String",
        "filename": "tests\\fixtures\\comfyui_0_11_6_profile_sources.json",
        "hashed_secret": "5cfd04d7648c1a7f2f4c82b097aafeffd5929c8b",
        "is_verified": false,
        "line_number": 91
      },
      {
        "type": "Hex High Entropy String",
        "filename": "tests\\fixtures\\comfyui_0_11_6_profile_sources.json",
        "hashed_secret": "fa7c9f1cb98d98373502b18942296cb51e460462",
        "is_verified": false,
        "line_number": 96
      },
      {
        "type": "Hex High Entropy String",
        "filename": "tests\\fixtures\\comfyui_0_11_6_profile_sources.json",
        "hashed_secret": "45a7c9cd106f77c1f39040545ffa12bbeb1e901e",
        "is_verified": false,
        "line_number": 101
      },
      {
        "type": "Hex High Entropy String",
        "filename": "tests\\fixtures\\comfyui_0_11_6_profile_sources.json",
        "hashed_secret": "3862651efdae9610ce93bc155ddbf328b14f5f15",
        "is_verified": false,
        "line_number": 106
      },
      {
        "type": "Hex High Entropy String",
        "filename": "tests\\fixtures\\comfyui_0_11_6_profile_sources.json",
        "hashed_secret": "0c8d6eb0b96b3a73f4a3820409981dd90edea36c",
        "is_verified": false,
        "line_number": 111
      },
      {
        "type": "Hex High Entropy String",
        "filename": "tests\\fixtures\\comfyui_0_11_6_profile_sources.json",
        "hashed_secret": "f94de1b5e6fac78f208f31825fab53049034baf8",
        "is_verified": false,
        "line_number": 116
      },
      {
        "type": "Hex High Entropy String",
        "filename": "tests\\fixtures\\comfyui_0_11_6_profile_sources.json",
        "hashed_secret": "dbc125ef531ab217e681f2b8a588d5f5027c17eb",
        "is_verified": false,
        "line_number": 121
      },
      {
        "type": "Hex High Entropy String",
        "filename": "tests\\fixtures\\comfyui_0_11_6_profile_sources.json",
        "hashed_secret": "eefc12105b6862763ba3d51a2361055f11801410",
        "is_verified": false,
        "line_number": 126
      },
      {
        "type": "Hex High Entropy String",
        "filename": "tests\\fixtures\\comfyui_0_11_6_profile_sources.json",
        "hashed_secret": "411a7b8319e018d818e0e222427602ae3db3539f",
        "is_verified": false,
        "line_number": 131
      }
    ],
    "tests\\fixtures\\current_host_risk_contract.json": [
      {
        "type": "Hex High Entropy String",
        "filename": "tests\\fixtures\\current_host_risk_contract.json",
        "hashed_secret": "ad9ad264152e765c756c4b72eedd432c44aad1d7",
        "is_verified": false,
        "line_number": 4
      },
      {
        "type": "Hex High Entropy String",
        "filename": "tests\\fixtures\\current_host_risk_contract.json",
        "hashed_secret": "c4c0e191f5eb0524fa020fd33915f3a2a871d319",
        "is_verified": false,
        "line_number": 5
      },
      {
        "type": "Hex High Entropy String",
        "filename": "tests\\fixtures\\current_host_risk_contract.json",
        "hashed_secret": "538632a331bffcd15592047820c7475c91837537",
        "is_verified": false,
        "line_number": 6
      },
      {
        "type": "Hex High Entropy String",
        "filename": "tests\\fixtures\\current_host_risk_contract.json",
        "hashed_secret": "03bf388073e14b824ba240f7780bf20dcdcc2a41",
        "is_verified": false,
        "line_number": 13
      },
      {
        "type": "Hex High Entropy String",
        "filename": "tests\\fixtures\\current_host_risk_contract.json",
        "hashed_secret": "9c40ab825fe5806ab1bd41039a3bed189bda3e56",
        "is_verified": false,
        "line_number": 19
      },
      {
        "type": "Hex High Entropy String",
        "filename": "tests\\fixtures\\current_host_risk_contract.json",
        "hashed_secret": "12345cd9cc42df5265c621ce39f244fa3d02ddc6",
        "is_verified": false,
        "line_number": 25
      },
      {
        "type": "Hex High Entropy String",
        "filename": "tests\\fixtures\\current_host_risk_contract.json",
        "hashed_secret": "2ce1df5006e1c5cd4cc3314387ca8b4c05284e9a",
        "is_verified": false,
        "line_number": 31
      },
      {
        "type": "Hex High Entropy String",
        "filename": "tests\\fixtures\\current_host_risk_contract.json",
        "hashed_secret": "c3987a6de8ca8d5c0f2cd5fe68040ca0ef38b02e",
        "is_verified": false,
        "line_number": 37
      }
    ],
    "tests\\test_host_source_basis.py": [
      {
        "type": "Hex High Entropy String",
        "filename": "tests\\test_host_source_basis.py",
        "hashed_secret": "ad9ad264152e765c756c4b72eedd432c44aad1d7",
        "is_verified": false,
        "line_number": 14
      },
      {
        "type": "Hex High Entropy String",
        "filename": "tests\\test_host_source_basis.py",
        "hashed_secret": "c4c0e191f5eb0524fa020fd33915f3a2a871d319",
        "is_verified": false,
        "line_number": 17
      },
      {
        "type": "Hex High Entropy String",
        "filename": "tests\\test_host_source_basis.py",
        "hashed_secret": "538632a331bffcd15592047820c7475c91837537",
        "is_verified": false,
        "line_number": 19
      },
      {
        "type": "Hex High Entropy String",
        "filename": "tests\\test_host_source_basis.py",
        "hashed_secret": "ce72a3384e984997353ced8756904208522eea57",
        "is_verified": false,
        "line_number": 31
      },
      {
        "type": "Hex High Entropy String",
        "filename": "tests\\test_host_source_basis.py",
        "hashed_secret": "50ded504f44f0a69b94ee0183c7c8ccf9ae6aa8b",
        "is_verified": false,
        "line_number": 35
      }
    ]
  },
  "generated_at": "2026-07-12T08:33:08Z"
}
